go: cannot run *_test.go files (./cmd/client/rls_smoke_test.go)
